jack of all trade@jackofalltrade MINGW64 ~ (master)
$ cd '/d/6th Semester/Software Engineering/PA'

jack of all trade@jackofalltrade MINGW64 /d/6th Semester/Software Engineering/PA
$ pwd
/d/6th Semester/Software Engineering/PA

jack of all trade@jackofalltrade MINGW64 /d/6th Semester/Software Engineering/PA
$ git status
fatal: Not a git repository (or any of the parent directories): .git

jack of all trade@jackofalltrade MINGW64 /d/6th Semester/Software Engineering/PA
$ git init
Initialized empty Git repository in D:/6th Semester/Software Engineering/PA/.git                           /

jack of all trade@jackofalltrade MINGW64 /d/6th Semester/Software Engineering/PA                            (master)
$ get status
bash: get: command not found

jack of all trade@jackofalltrade MINGW64 /d/6th Semester/Software Engineering/PA                            (master)
$ git status
On branch master

No commits yet

Untracked files:
  (use "git add <file>..." to include in what will be committed)

        AllMyCommands.txt
        Sprint0_25920.pdf
        section3.1.txt
        section5.1.txt
        secton1.1.txt

nothing added to commit but untracked files present (use "git add" to track)

jack of all trade@jackofalltrade MINGW64 /d/6th Semester/Software Engineering/PA                            (master)
$ git add section1.1.txt
fatal: pathspec 'section1.1.txt' did not match any files

jack of all trade@jackofalltrade MINGW64 /d/6th Semester/Software Engineering/PA                            (master)
$ git add section1.1.txt
fatal: pathspec 'section1.1.txt' did not match any files

jack of all trade@jackofalltrade MINGW64 /d/6th Semester/Software Engineering/PA                            (master)
$ git add secton1.1.txt

jack of all trade@jackofalltrade MINGW64 /d/6th Semester/Software Engineering/PA                            (master)
$ git status
On branch master

No commits yet

Changes to be committed:
  (use "git rm --cached <file>..." to unstage)

        new file:   secton1.1.txt

Untracked files:
  (use "git add <file>..." to include in what will be committed)

        AllMyCommands.txt
        Sprint0_25920.pdf
        section3.1.txt
        section5.1.txt


jack of all trade@jackofalltrade MINGW64 /d/6th Semester/Software Engineering/PA                            (master)
$ git add '*.txt'

jack of all trade@jackofalltrade MINGW64 /d/6th Semester/Software Engineering/PA                            (master)
$ git status
On branch master

No commits yet

Changes to be committed:
  (use "git rm --cached <file>..." to unstage)

        new file:   AllMyCommands.txt
        new file:   section3.1.txt
        new file:   section5.1.txt
        new file:   secton1.1.txt

Untracked files:
  (use "git add <file>..." to include in what will be committed)

        Sprint0_25920.pdf


jack of all trade@jackofalltrade MINGW64 /d/6th Semester/Software Engineering/PA                            (master)
$ git reset ^C

jack of all trade@jackofalltrade MINGW64 /d/6th Semester/Software Engineering/PA                            (master)
$ git reset AllMyCommands.txt

jack of all trade@jackofalltrade MINGW64 /d/6th Semester/Software Engineering/PA                            (master)
$ git status
On branch master

No commits yet

Changes to be committed:
  (use "git rm --cached <file>..." to unstage)

        new file:   section3.1.txt
        new file:   section5.1.txt
        new file:   secton1.1.txt

Untracked files:
  (use "git add <file>..." to include in what will be committed)

        AllMyCommands.txt
        Sprint0_25920.pdf


jack of all trade@jackofalltrade MINGW64 /d/6th Semester/Software Engineering/PA                            (master)
$ git rm --cached section3.1.txt
rm 'section3.1.txt'

jack of all trade@jackofalltrade MINGW64 /d/6th Semester/Software Engineering/PA                            (master)
$ git status
On branch master

No commits yet

Changes to be committed:
  (use "git rm --cached <file>..." to unstage)

        new file:   section5.1.txt
        new file:   secton1.1.txt

Untracked files:
  (use "git add <file>..." to include in what will be committed)

        AllMyCommands.txt
        Sprint0_25920.pdf
        section3.1.txt


jack of all trade@jackofalltrade MINGW64 /d/6th Semester/Software Engineering/PA                            (master)
$ git reset section3.1.txt

jack of all trade@jackofalltrade MINGW64 /d/6th Semester/Software Engineering/PA                            (master)
$ git status
On branch master

No commits yet

Changes to be committed:
  (use "git rm --cached <file>..." to unstage)

        new file:   section5.1.txt
        new file:   secton1.1.txt

Untracked files:
  (use "git add <file>..." to include in what will be committed)

        AllMyCommands.txt
        Sprint0_25920.pdf
        section3.1.txt


jack of all trade@jackofalltrade MINGW64 /d/6th Semester/Software Engineering/PA                            (master)
$ git checkout section3.1.txt
error: pathspec 'section3.1.txt' did not match any file(s) known to git.

jack of all trade@jackofalltrade MINGW64 /d/6th Semester/Software Engineering/PA                            (master)
$ git checkout --section3.1.txt
error: unknown option `section3.1.txt'
usage: git checkout [<options>] <branch>
   or: git checkout [<options>] [<branch>] -- <file>...

    -q, --quiet           suppress progress reporting
    -b <branch>           create and checkout a new branch
    -B <branch>           create/reset and checkout a branch
    -l                    create reflog for new branch
    --detach              detach HEAD at named commit
    -t, --track           set upstream info for new branch
    --orphan <new-branch>
                          new unparented branch
    -2, --ours            checkout our version for unmerged files
    -3, --theirs          checkout their version for unmerged files
    -f, --force           force checkout (throw away local modifications)
    -m, --merge           perform a 3-way merge with the new branch
    --overwrite-ignore    update ignored files (default)
    --conflict <style>    conflict style (merge or diff3)
    -p, --patch           select hunks interactively
    --ignore-skip-worktree-bits
                          do not limit pathspecs to sparse entries only
    --ignore-other-worktrees
                          do not check if another worktree is holding the given                            ref
    --recurse-submodules[=<checkout>]
                          control recursive updating of submodules
    --progress            force progress reporting


jack of all trade@jackofalltrade MINGW64 /d/6th Semester/Software Engineering/PA                            (master)
$ git reset HEAD@{1}
fatal: ambiguous argument 'HEAD@{1}': unknown revision or path not in the working tree.
Use '--' to separate paths from revisions, like this:
'git <command> [<revision>...] -- [<file>...]'

jack of all trade@jackofalltrade MINGW64 /d/6th Semester/Software Engineering/PA (master)
$ git reflog
fatal: your current branch 'master' does not have any commits yet

jack of all trade@jackofalltrade MINGW64 /d/6th Semester/Software Engineering/PA (master)
$ git status
On branch master

No commits yet

Changes to be committed:
  (use "git rm --cached <file>..." to unstage)

        new file:   section5.1.txt
        new file:   secton1.1.txt

Untracked files:
  (use "git add <file>..." to include in what will be committed)

        AllMyCommands.txt
        Sprint0_25920.pdf
        section3.1.txt


jack of all trade@jackofalltrade MINGW64 /d/6th Semester/Software Engineering/PA (master)
$ git rm --cached section3.1.txt
fatal: pathspec 'section3.1.txt' did not match any files

jack of all trade@jackofalltrade MINGW64 /d/6th Semester/Software Engineering/PA (master)
$ git rm section3.1.txt
fatal: pathspec 'section3.1.txt' did not match any files

jack of all trade@jackofalltrade MINGW64 /d/6th Semester/Software Engineering/PA (master)
$ git checkout section3.1.txt
error: pathspec 'section3.1.txt' did not match any file(s) known to git.

jack of all trade@jackofalltrade MINGW64 /d/6th Semester/Software Engineering/PA (master)
$ git checkout --section3.1.txt
error: unknown option `section3.1.txt'
usage: git checkout [<options>] <branch>
   or: git checkout [<options>] [<branch>] -- <file>...

    -q, --quiet           suppress progress reporting
    -b <branch>           create and checkout a new branch
    -B <branch>           create/reset and checkout a branch
    -l                    create reflog for new branch
    --detach              detach HEAD at named commit
    -t, --track           set upstream info for new branch
    --orphan <new-branch>
                          new unparented branch
    -2, --ours            checkout our version for unmerged files
    -3, --theirs          checkout their version for unmerged files
    -f, --force           force checkout (throw away local modifications)
    -m, --merge           perform a 3-way merge with the new branch
    --overwrite-ignore    update ignored files (default)
    --conflict <style>    conflict style (merge or diff3)
    -p, --patch           select hunks interactively
    --ignore-skip-worktree-bits
                          do not limit pathspecs to sparse entries only
    --ignore-other-worktrees
                          do not check if another worktree is holding the given ref
    --recurse-submodules[=<checkout>]
                          control recursive updating of submodules
    --progress            force progress reporting


jack of all trade@jackofalltrade MINGW64 /d/6th Semester/Software Engineering/PA (master)
$ git revert section3.1.txt
fatal: bad revision 'section3.1.txt'

jack of all trade@jackofalltrade MINGW64 /d/6th Semester/Software Engineering/PA (master)
$ git status
On branch master

No commits yet

Changes to be committed:
  (use "git rm --cached <file>..." to unstage)

        new file:   section5.1.txt
        new file:   secton1.1.txt

Untracked files:
  (use "git add <file>..." to include in what will be committed)

        AllMyCommands.txt
        Sprint0_25920.pdf
        section3.1.txt


jack of all trade@jackofalltrade MINGW64 /d/6th Semester/Software Engineering/PA (master)
$ git revert HEAD~1
fatal: bad revision 'HEAD~1'

jack of all trade@jackofalltrade MINGW64 /d/6th Semester/Software Engineering/PA (master)
$ git rever --abort
git: 'rever' is not a git command. See 'git --help'.

The most similar command is
        revert

jack of all trade@jackofalltrade MINGW64 /d/6th Semester/Software Engineering/PA (master)
$ git revert --abort
error: no cherry-pick or revert in progress
fatal: revert failed

jack of all trade@jackofalltrade MINGW64 /d/6th Semester/Software Engineering/PA (master)
$ git revert --abort section3.1.txt
usage: git revert [<options>] <commit-ish>...
   or: git revert <subcommand>

    --quit                end revert or cherry-pick sequence
    --continue            resume revert or cherry-pick sequence
    --abort               cancel revert or cherry-pick sequence
    -n, --no-commit       don't automatically commit
    -e, --edit            edit the commit message
    -s, --signoff         add Signed-off-by:
    -m, --mainline <parent-number>
                          select mainline parent
    --rerere-autoupdate   update the index with reused conflict resolution if possible
    --strategy <strategy>
                          merge strategy
    -X, --strategy-option <option>
                          option for merge strategy
    -S, --gpg-sign[=<key-id>]
                          GPG sign commit


jack of all trade@jackofalltrade MINGW64 /d/6th Semester/Software Engineering/PA (master)
$ git add section3.1.txt

jack of all trade@jackofalltrade MINGW64 /d/6th Semester/Software Engineering/PA (master)
$ git status
On branch master

No commits yet

Changes to be committed:
  (use "git rm --cached <file>..." to unstage)

        new file:   section3.1.txt
        new file:   section5.1.txt
        new file:   secton1.1.txt

Untracked files:
  (use "git add <file>..." to include in what will be committed)

        AllMyCommands.txt
        Sprint0_25920.pdf


jack of all trade@jackofalltrade MINGW64 /d/6th Semester/Software Engineering/PA (master)
$ git log
fatal: your current branch 'master' does not have any commits yet

jack of all trade@jackofalltrade MINGW64 /d/6th Semester/Software Engineering/PA (master)
$ git reset HEAD section3.1.txt
fatal: ambiguous argument 'HEAD': unknown revision or path not in the working tree.
Use '--' to separate paths from revisions, like this:
'git <command> [<revision>...] -- [<file>...]'

jack of all trade@jackofalltrade MINGW64 /d/6th Semester/Software Engineering/PA (master)
$ git reset section3.1.txt

jack of all trade@jackofalltrade MINGW64 /d/6th Semester/Software Engineering/PA (master)
$ git status
On branch master

No commits yet

Changes to be committed:
  (use "git rm --cached <file>..." to unstage)

        new file:   section5.1.txt
        new file:   secton1.1.txt

Untracked files:
  (use "git add <file>..." to include in what will be committed)

        AllMyCommands.txt
        Sprint0_25920.pdf
        section3.1.txt


jack of all trade@jackofalltrade MINGW64 /d/6th Semester/Software Engineering/PA (master)
$ git chechout section3.1.txt
git: 'chechout' is not a git command. See 'git --help'.

The most similar command is
        checkout

jack of all trade@jackofalltrade MINGW64 /d/6th Semester/Software Engineering/PA (master)
$ git checkout section3.1.txt
error: pathspec 'section3.1.txt' did not match any file(s) known to git.

jack of all trade@jackofalltrade MINGW64 /d/6th Semester/Software Engineering/PA (master)
$ git checkout --section3.1.txt
error: unknown option `section3.1.txt'
usage: git checkout [<options>] <branch>
   or: git checkout [<options>] [<branch>] -- <file>...

    -q, --quiet           suppress progress reporting
    -b <branch>           create and checkout a new branch
    -B <branch>           create/reset and checkout a branch
    -l                    create reflog for new branch
    --detach              detach HEAD at named commit
    -t, --track           set upstream info for new branch
    --orphan <new-branch>
                          new unparented branch
    -2, --ours            checkout our version for unmerged files
    -3, --theirs          checkout their version for unmerged files
    -f, --force           force checkout (throw away local modifications)
    -m, --merge           perform a 3-way merge with the new branch
    --overwrite-ignore    update ignored files (default)
    --conflict <style>    conflict style (merge or diff3)
    -p, --patch           select hunks interactively
    --ignore-skip-worktree-bits
                          do not limit pathspecs to sparse entries only
    --ignore-other-worktrees
                          do not check if another worktree is holding the given ref
    --recurse-submodules[=<checkout>]
                          control recursive updating of submodules
    --progress            force progress reporting


jack of all trade@jackofalltrade MINGW64 /d/6th Semester/Software Engineering/PA (master)
$ git checkout -- section3.1.txt
error: pathspec 'section3.1.txt' did not match any file(s) known to git.

jack of all trade@jackofalltrade MINGW64 /d/6th Semester/Software Engineering/PA (master)
$ git add section3.1.txt

jack of all trade@jackofalltrade MINGW64 /d/6th Semester/Software Engineering/PA (master)
$ git status
On branch master

No commits yet

Changes to be committed:
  (use "git rm --cached <file>..." to unstage)

        new file:   section3.1.txt
        new file:   section5.1.txt
        new file:   secton1.1.txt

Untracked files:
  (use "git add <file>..." to include in what will be committed)

        AllMyCommands.txt
        Sprint0_25920.pdf


jack of all trade@jackofalltrade MINGW64 /d/6th Semester/Software Engineering/PA (master)
$ git commit

*** Please tell me who you are.

Run

  git config --global user.email "you@example.com"
  git config --global user.name "Your Name"

to set your account's default identity.
Omit --global to set the identity only in this repository.

fatal: unable to auto-detect email address (got 'jack of all trade@jackofalltrade.(none)')

jack of all trade@jackofalltrade MINGW64 /d/6th Semester/Software Engineering/PA (master)
$ git remote

jack of all trade@jackofalltrade MINGW64 /d/6th Semester/Software Engineering/PA (master)
$ git remote -v

jack of all trade@jackofalltrade MINGW64 /d/6th Semester/Software Engineering/PA (master)
$ git remote add origin https://github.com/reemessam/repo1.git

jack of all trade@jackofalltrade MINGW64 /d/6th Semester/Software Engineering/PA (master)
$ git commit

*** Please tell me who you are.

Run

  git config --global user.email "you@example.com"
  git config --global user.name "Your Name"

to set your account's default identity.
Omit --global to set the identity only in this repository.

fatal: unable to auto-detect email address (got 'jack of all trade@jackofalltrade.(none)')

jack of all trade@jackofalltrade MINGW64 /d/6th Semester/Software Engineering/PA (master)
$ git commit -m"Adding 3 files"

*** Please tell me who you are.

Run

  git config --global user.email "you@example.com"
  git config --global user.name "Your Name"

to set your account's default identity.
Omit --global to set the identity only in this repository.

fatal: unable to auto-detect email address (got 'jack of all trade@jackofalltrade.(none)')

jack of all trade@jackofalltrade MINGW64 /d/6th Semester/Software Engineering/PA (master)
$ git clone https://github.com/reemessam/repo1.git
Cloning into 'repo1'...
remote: Counting objects: 7, done.
remote: Compressing objects: 100% (5/5), done.
remote: Total 7 (delta 0), reused 0 (delta 0), pack-reused 0
Unpacking objects: 100% (7/7), done.

jack of all trade@jackofalltrade MINGW64 /d/6th Semester/Software Engineering/PA (master)
$ ls
AllMyCommands.txt  repo1/  section3.1.txt  section5.1.txt  secton1.1.txt  Sprint0_25920.pdf

jack of all trade@jackofalltrade MINGW64 /d/6th Semester/Software Engineering/PA (master)
$ cd repo1

jack of all trade@jackofalltrade MINGW64 /d/6th Semester/Software Engineering/PA/repo1 (master)
$ ls
README.md

jack of all trade@jackofalltrade MINGW64 /d/6th Semester/Software Engineering/PA/repo1 (master)
$ git commit -m"Adding 3 files"

*** Please tell me who you are.

Run

  git config --global user.email "you@example.com"
  git config --global user.name "Your Name"

to set your account's default identity.
Omit --global to set the identity only in this repository.

fatal: unable to auto-detect email address (got 'jack of all trade@jackofalltrade.(none)')

jack of all trade@jackofalltrade MINGW64 /d/6th Semester/Software Engineering/PA/repo1 (master)
$ git config --global user.email "reem.essam@gmail.com"

jack of all trade@jackofalltrade MINGW64 /d/6th Semester/Software Engineering/PA/repo1 (master)
$ git config --global user.name "reem"

jack of all trade@jackofalltrade MINGW64 /d/6th Semester/Software Engineering/PA/repo1 (master)
$ git commit
On branch master
Your branch is up to date with 'origin/master'.

nothing to commit, working tree clean

jack of all trade@jackofalltrade MINGW64 /d/6th Semester/Software Engineering/PA/repo1 (master)
$ cd '/d/6th Semester/Software Engineering/PA'

jack of all trade@jackofalltrade MINGW64 /d/6th Semester/Software Engineering/PA (master)
$ git commit
Aborting commit due to empty commit message.

jack of all trade@jackofalltrade MINGW64 /d/6th Semester/Software Engineering/PA (master)
$ git commit -m'Adding 3 files'
[master (root-commit) ef37002] Adding 3 files
 3 files changed, 187 insertions(+)
 create mode 100644 section3.1.txt
 create mode 100644 section5.1.txt
 create mode 100644 secton1.1.txt

jack of all trade@jackofalltrade MINGW64 /d/6th Semester/Software Engineering/PA (master)
$ git push
fatal: The current branch master has no upstream branch.
To push the current branch and set the remote as upstream, use

    git push --set-upstream origin master


jack of all trade@jackofalltrade MINGW64 /d/6th Semester/Software Engineering/PA (master)
$ git push --set-upstream origin master
To https://github.com/reemessam/repo1.git
 ! [rejected]        master -> master (fetch first)
error: failed to push some refs to 'https://github.com/reemessam/repo1.git'
hint: Updates were rejected because the remote contains work that you do
hint: not have locally. This is usually caused by another repository pushing
hint: to the same ref. You may want to first integrate the remote changes
hint: (e.g., 'git pull ...') before pushing again.
hint: See the 'Note about fast-forwards' in 'git push --help' for details.

jack of all trade@jackofalltrade MINGW64 /d/6th Semester/Software Engineering/PA (master)
$ git push
fatal: The current branch master has no upstream branch.
To push the current branch and set the remote as upstream, use

    git push --set-upstream origin master


jack of all trade@jackofalltrade MINGW64 /d/6th Semester/Software Engineering/PA (master)
$ git log
commit ef37002c559cf272545cef5ec7faeee6b64345be (HEAD -> master)
Author: reem <reem.essam@gmail.com>
Date:   Sun Feb 11 19:33:35 2018 +0200

    Adding 3 files

jack of all trade@jackofalltrade MINGW64 /d/6th Semester/Software Engineering/PA (master)
$ git push origin master
To https://github.com/reemessam/repo1.git
 ! [rejected]        master -> master (fetch first)
error: failed to push some refs to 'https://github.com/reemessam/repo1.git'
hint: Updates were rejected because the remote contains work that you do
hint: not have locally. This is usually caused by another repository pushing
hint: to the same ref. You may want to first integrate the remote changes
hint: (e.g., 'git pull ...') before pushing again.
hint: See the 'Note about fast-forwards' in 'git push --help' for details.

jack of all trade@jackofalltrade MINGW64 /d/6th Semester/Software Engineering/PA (master)
$ git push --help

jack of all trade@jackofalltrade MINGW64 /d/6th Semester/Software Engineering/PA (master)
$ git fetch origin-push
fatal: 'origin-push' does not appear to be a git repository
fatal: Could not read from remote repository.

Please make sure you have the correct access rights
and the repository exists.

jack of all trade@jackofalltrade MINGW64 /d/6th Semester/Software Engineering/PA (master)
$ git push
fatal: The current branch master has no upstream branch.
To push the current branch and set the remote as upstream, use

    git push --set-upstream origin master


jack of all trade@jackofalltrade MINGW64 /d/6th Semester/Software Engineering/PA (master)
$ git push --set-upstream origin madter
error: src refspec madter does not match any.
error: failed to push some refs to 'https://github.com/reemessam/repo1.git'

jack of all trade@jackofalltrade MINGW64 /d/6th Semester/Software Engineering/PA (master)
$ git push --set-upstream origin master
To https://github.com/reemessam/repo1.git
 ! [rejected]        master -> master (fetch first)
error: failed to push some refs to 'https://github.com/reemessam/repo1.git'
hint: Updates were rejected because the remote contains work that you do
hint: not have locally. This is usually caused by another repository pushing
hint: to the same ref. You may want to first integrate the remote changes
hint: (e.g., 'git pull ...') before pushing again.
hint: See the 'Note about fast-forwards' in 'git push --help' for details.

jack of all trade@jackofalltrade MINGW64 /d/6th Semester/Software Engineering/PA (master)
$ git pull
warning: no common commits
remote: Counting objects: 7, done.
remote: Compressing objects: 100% (5/5), done.
remote: Total 7 (delta 0), reused 0 (delta 0), pack-reused 0
Unpacking objects: 100% (7/7), done.
From https://github.com/reemessam/repo1
 * [new branch]      master     -> origin/master
There is no tracking information for the current branch.
Please specify which branch you want to merge with.
See git-pull(1) for details.

    git pull <remote> <branch>

If you wish to set tracking information for this branch you can do so with:

    git branch --set-upstream-to=origin/<branch> master


jack of all trade@jackofalltrade MINGW64 /d/6th Semester/Software Engineering/PA (master)
$ git push
fatal: The current branch master has no upstream branch.
To push the current branch and set the remote as upstream, use

    git push --set-upstream origin master


jack of all trade@jackofalltrade MINGW64 /d/6th Semester/Software Engineering/PA (master)
$ git push --set-upstream origin master

To https://github.com/reemessam/repo1.git
 ! [rejected]        master -> master (non-fast-forward)
error: failed to push some refs to 'https://github.com/reemessam/repo1.git'
hint: Updates were rejected because the tip of your current branch is behind
hint: its remote counterpart. Integrate the remote changes (e.g.
hint: 'git pull ...') before pushing again.
hint: See the 'Note about fast-forwards' in 'git push --help' for details.

jack of all trade@jackofalltrade MINGW64 /d/6th Semester/Software Engineering/PA (master)
$

jack of all trade@jackofalltrade MINGW64 /d/6th Semester/Software Engineering/PA (master)
$ git clone --mirror  https://github.com/reemessam/repo1.git
Cloning into bare repository 'repo1.git'...
remote: Counting objects: 7, done.
remote: Compressing objects: 100% (5/5), done.
remote: Total 7 (delta 0), reused 0 (delta 0), pack-reused 0
Unpacking objects: 100% (7/7), done.

jack of all trade@jackofalltrade MINGW64 /d/6th Semester/Software Engineering/PA (master)
$ ls
AllMyCommands.txt  repo1/  repo1.git/  section3.1.txt  section5.1.txt  secton1.1.txt  Sprint0_25920.pdf

jack of all trade@jackofalltrade MINGW64 /d/6th Semester/Software Engineering/PA (master)
$ cd repo1

jack of all trade@jackofalltrade MINGW64 /d/6th Semester/Software Engineering/PA/repo1 (master)
$ ls
README.md

jack of all trade@jackofalltrade MINGW64 /d/6th Semester/Software Engineering/PA/repo1 (master)
$ git push
Everything up-to-date

jack of all trade@jackofalltrade MINGW64 /d/6th Semester/Software Engineering/PA/repo1 (master)
$ git status
On branch master
Your branch is up to date with 'origin/master'.

nothing to commit, working tree clean

jack of all trade@jackofalltrade MINGW64 /d/6th Semester/Software Engineering/PA/repo1 (master)
$ git log
commit 0e1f85e221355f642f9587fca6c29418b1d7d8aa (HEAD -> master, origin/master, origin/HEAD)
Author: reemessam <36365711+reemessam@users.noreply.github.com>
Date:   Sun Feb 11 16:09:04 2018 +0200

    Delete section 1.1

commit 3752c3856f795d034e7491c44fdca292ab0003c2
Author: reemessam <36365711+reemessam@users.noreply.github.com>
Date:   Sun Feb 11 15:54:31 2018 +0200

    create section 1.1

    Getting Started - About Version Control from
    book

commit e2eb066263fd85f3cca6315fd0412d1a88ab8351
Author: reemessam <36365711+reemessam@users.noreply.github.com>
Date:   Sun Feb 11 15:35:15 2018 +0200

    Initial commit

jack of all trade@jackofalltrade MINGW64 /d/6th Semester/Software Engineering/PA/repo1 (master)
$ git add section1.1.txt
fatal: pathspec 'section1.1.txt' did not match any files

jack of all trade@jackofalltrade MINGW64 /d/6th Semester/Software Engineering/PA/repo1 (master)
$ git status
On branch master
Your branch is up to date with 'origin/master'.

Untracked files:
  (use "git add <file>..." to include in what will be committed)

        section3.1.txt
        section5.1.txt
        secton1.1.txt

nothing added to commit but untracked files present (use "git add" to track)

jack of all trade@jackofalltrade MINGW64 /d/6th Semester/Software Engineering/PA/repo1 (master)
$ git add "*.txt"

jack of all trade@jackofalltrade MINGW64 /d/6th Semester/Software Engineering/PA/repo1 (master)
$ git status
On branch master
Your branch is up to date with 'origin/master'.

Changes to be committed:
  (use "git reset HEAD <file>..." to unstage)

        new file:   section3.1.txt
        new file:   section5.1.txt
        new file:   secton1.1.txt


jack of all trade@jackofalltrade MINGW64 /d/6th Semester/Software Engineering/PA/repo1 (master)
$ git rm --cached section3.1.txt
rm 'section3.1.txt'

jack of all trade@jackofalltrade MINGW64 /d/6th Semester/Software Engineering/PA/repo1 (master)
$ git status
On branch master
Your branch is up to date with 'origin/master'.

Changes to be committed:
  (use "git reset HEAD <file>..." to unstage)

        new file:   section5.1.txt
        new file:   secton1.1.txt

Untracked files:
  (use "git add <file>..." to include in what will be committed)

        section3.1.txt


jack of all trade@jackofalltrade MINGW64 /d/6th Semester/Software Engineering/PA/repo1 (master)
$ git add section3.1.txt

jack of all trade@jackofalltrade MINGW64 /d/6th Semester/Software Engineering/PA/repo1 (master)
$ git status
On branch master
Your branch is up to date with 'origin/master'.

Changes to be committed:
  (use "git reset HEAD <file>..." to unstage)

        new file:   section3.1.txt
        new file:   section5.1.txt
        new file:   secton1.1.txt


jack of all trade@jackofalltrade MINGW64 /d/6th Semester/Software Engineering/PA/repo1 (master)
$ git commit
Aborting commit due to empty commit message.

jack of all trade@jackofalltrade MINGW64 /d/6th Semester/Software Engineering/PA/repo1 (master)
$ git commit -m'Adding 3 files'
[master e031866] Adding 3 files
 3 files changed, 187 insertions(+)
 create mode 100644 section3.1.txt
 create mode 100644 section5.1.txt
 create mode 100644 secton1.1.txt

jack of all trade@jackofalltrade MINGW64 /d/6th Semester/Software Engineering/PA/repo1 (master)
$ git push
Counting objects: 5, done.
Delta compression using up to 4 threads.
Compressing objects: 100% (5/5), done.
Writing objects: 100% (5/5), 8.07 KiB | 8.07 MiB/s, done.
Total 5 (delta 0), reused 0 (delta 0)
To https://github.com/reemessam/repo1.git
   0e1f85e..e031866  master -> master

jack of all trade@jackofalltrade MINGW64 /d/6th Semester/Software Engineering/PA/repo1 (master)
$ git branch
* master

jack of all trade@jackofalltrade MINGW64 /d/6th Semester/Software Engineering/PA/repo1 (master)
$ touch README.md

jack of all trade@jackofalltrade MINGW64 /d/6th Semester/Software Engineering/PA/repo1 (m                                                                                   aster)
$ echo "Project Title (sprint0)" > README.md

jack of all trade@jackofalltrade MINGW64 /d/6th Semester/Software Engineering/PA/repo1 (m                                                                                   aster)
$ echo "Getting Started (3 files containing sections from the book)"> README.md

jack of all trade@jackofalltrade MINGW64 /d/6th Semester/Software Engineering/PA/repo1 (m                                                                                   aster)
$ echo "Author (Reem Essam 37-8875)" > README.md

jack of all trade@jackofalltrade MINGW64 /d/6th Semester/Software Engineering/PA/repo1 (m                                                                                   aster)
$ echo "Acknowledgments (book Chacon , Scott , and Ben Straub. Pro Git.Apree)"> README.md

jack of all trade@jackofalltrade MINGW64 /d/6th Semester/Software Engineering/PA/repo1 (m                                                                                   aster)
$ git show : README.md
fatal: ambiguous argument ':': unknown revision or path not in the working tree.
Use '--' to separate paths from revisions, like this:
'git <command> [<revision>...] -- [<file>...]'

jack of all trade@jackofalltrade MINGW64 /d/6th Semester/Software Engineering/PA/repo1 (master)
$ git cat-file README.md
usage: git cat-file (-t [--allow-unknown-type] | -s [--allow-unknown-type] | -e | -p | <type> | --textco                                                                    nv | --filters) [--path=<path>] <object>
   or: git cat-file (--batch | --batch-check) [--follow-symlinks] [--textconv | --filters]

<type> can be one of: blob, tree, commit, tag
    -t                    show object type
    -s                    show object size
    -e                    exit with zero when there's no error
    -p                    pretty-print object's content
    --textconv            for blob objects, run textconv on object's content
    --filters             for blob objects, run filters on object's content
    --path <blob>         use a specific path for --textconv/--filters
    --allow-unknown-type  allow -s and -t to work with broken/corrupt objects
    --buffer              buffer --batch output
    --batch[=<format>]    show info and content of objects fed from the standard input
    --batch-check[=<format>]
                          show info about objects fed from the standard input
    --follow-symlinks     follow in-tree symlinks (used with --batch or --batch-check)
    --batch-all-objects   show all objects with --batch or --batch-check


jack of all trade@jackofalltrade MINGW64 /d/6th Semester/Software Engineering/PA/repo1 (master)
$ git branch -b ReadMe
error: unknown switch `b'
usage: git branch [<options>] [-r | -a] [--merged | --no-merged]
   or: git branch [<options>] [-l] [-f] <branch-name> [<start-point>]
   or: git branch [<options>] [-r] (-d | -D) <branch-name>...
   or: git branch [<options>] (-m | -M) [<old-branch>] <new-branch>
   or: git branch [<options>] (-c | -C) [<old-branch>] <new-branch>
   or: git branch [<options>] [-r | -a] [--points-at]
   or: git branch [<options>] [-r | -a] [--format]

Generic options
    -v, --verbose         show hash and subject, give twice for upstream branch
    -q, --quiet           suppress informational messages
    -t, --track           set up tracking mode (see git-pull(1))
    -u, --set-upstream-to <upstream>
                          change the upstream info
    --unset-upstream      Unset the upstream info
    --color[=<when>]      use colored output
    -r, --remotes         act on remote-tracking branches
    --contains <commit>   print only branches that contain the commit
    --no-contains <commit>
                          print only branches that don't contain the commit
    --abbrev[=<n>]        use <n> digits to display SHA-1s

Specific git-branch actions:
    -a, --all             list both remote-tracking and local branches
    -d, --delete          delete fully merged branch
    -D                    delete branch (even if not merged)
    -m, --move            move/rename a branch and its reflog
    -M                    move/rename a branch, even if target exists
    -c, --copy            copy a branch and its reflog
    -C                    copy a branch, even if target exists
    --list                list branch names
    -l, --create-reflog   create the branch's reflog
    --edit-description    edit the description for the branch
    -f, --force           force creation, move/rename, deletion
    --merged <commit>     print only branches that are merged
    --no-merged <commit>  print only branches that are not merged
    --column[=<style>]    list branches in columns
    --sort <key>          field name to sort on
    --points-at <object>  print only branches of the object
    -i, --ignore-case     sorting and filtering are case insensitive
    --format <format>     format to use for the output


jack of all trade@jackofalltrade MINGW64 /d/6th Semester/Software Engineering/PA/repo1 (master)
$ git checkout -b ReadMe
Switched to a new branch 'ReadMe'
M       README.md

jack of all trade@jackofalltrade MINGW64 /d/6th Semester/Software Engineering/PA/repo1 (ReadMe)
$ git branch
* ReadMe
  master

jack of all trade@jackofalltrade MINGW64 /d/6th Semester/Software Engineering/PA/repo1 (ReadMe)
$ git add README.md
warning: LF will be replaced by CRLF in README.md.
The file will have its original line endings in your working directory.

jack of all trade@jackofalltrade MINGW64 /d/6th Semester/Software Engineering/PA/repo1 (ReadMe)
$ git commit -m"recreating README file"
[ReadMe de74a4d] recreating README file
 1 file changed, 1 insertion(+), 5 deletions(-)

jack of all trade@jackofalltrade MINGW64 /d/6th Semester/Software Engineering/PA/repo1 (ReadMe)
$ git checkout master
Switched to branch 'master'
Your branch is up to date with 'origin/master'.

jack of all trade@jackofalltrade MINGW64 /d/6th Semester/Software Engineering/PA/repo1 (master)
$ git merge ReadMe
Updating 2712eb4..de74a4d
Fast-forward
 README.md | 6 +-----
 1 file changed, 1 insertion(+), 5 deletions(-)

jack of all trade@jackofalltrade MINGW64 /d/6th Semester/Software Engineering/PA/repo1 (master)
$ git push
Counting objects: 3, done.
Delta compression using up to 4 threads.
Compressing objects: 100% (3/3), done.
Writing objects: 100% (3/3), 332 bytes | 332.00 KiB/s, done.
Total 3 (delta 1), reused 0 (delta 0)
remote: Resolving deltas: 100% (1/1), completed with 1 local object.
To https://github.com/reemessam/repo1.git
   2712eb4..de74a4d  master -> master

jack of all trade@jackofalltrade MINGW64 /d/6th Semester/Software Engineering/PA/repo1 (master)
$ git branch -d ReadMe
Deleted branch ReadMe (was de74a4d).

jack of all trade@jackofalltrade MINGW64 /d/6th Semester/Software Engineering/PA/repo1 (master)
$ git branch
* master

jack of all trade@jackofalltrade MINGW64 /d/6th Semester/Software Engineering/PA/repo1 (master)
$ echo "Project Title (sprint0)">README.md

jack of all trade@jackofalltrade MINGW64 /d/6th Semester/Software Engineering/PA/repo1 (master)
$ echo -e "Project Title (sprint0)\n Getting Started (3 files containing sections from the book)\n Autho                                                                    r (Reem Essam 37-8875)\n Acknowledgments(boo Chacon,Scott,and Ben Straub.Pro Git .Apress)">>README.md

jack of all trade@jackofalltrade MINGW64 /d/6th Semester/Software Engineering/PA/repo1 (master)
$ git checkout -b ReadMe.md
Switched to a new branch 'ReadMe.md'
M       README.md

jack of all trade@jackofalltrade MINGW64 /d/6th Semester/Software Engineering/PA/repo1 (ReadMe.md)
$ git add README,md
fatal: pathspec 'README,md' did not match any files

jack of all trade@jackofalltrade MINGW64 /d/6th Semester/Software Engineering/PA/repo1 (ReadMe.md)
$ git add README.md
warning: LF will be replaced by CRLF in README.md.
The file will have its original line endings in your working directory.

jack of all trade@jackofalltrade MINGW64 /d/6th Semester/Software Engineering/PA/repo1 (ReadMe.md)
$ git commit -m"editting README file"
[ReadMe.md fd32329] editting README file
 1 file changed, 5 insertions(+), 1 deletion(-)

jack of all trade@jackofalltrade MINGW64 /d/6th Semester/Software Engineering/PA/repo1 (ReadMe.md)
$ git checkout master
Switched to branch 'master'
Your branch is up to date with 'origin/master'.

jack of all trade@jackofalltrade MINGW64 /d/6th Semester/Software Engineering/PA/repo1 (master)
$ git merge ReadMe
merge: ReadMe - not something we can merge

Did you mean this?
        origin/ReadMe

jack of all trade@jackofalltrade MINGW64 /d/6th Semester/Software Engineering/PA/repo1 (master)
$ git reset

jack of all trade@jackofalltrade MINGW64 /d/6th Semester/Software Engineering/PA/repo1 (master)
$ git status
On branch master
Your branch is up to date with 'origin/master'.

Untracked files:
  (use "git add <file>..." to include in what will be committed)

        repo1/

nothing added to commit but untracked files present (use "git add" to track)

jack of all trade@jackofalltrade MINGW64 /d/6th Semester/Software Engineering/PA/repo1 (master)
$ git branch -d ReadMe.md
error: The branch 'ReadMe.md' is not fully merged.
If you are sure you want to delete it, run 'git branch -D ReadMe.md'.

jack of all trade@jackofalltrade MINGW64 /d/6th Semester/Software Engineering/PA/repo1 (master)
$ git branch -D ReadMe.md
Deleted branch ReadMe.md (was fd32329).

jack of all trade@jackofalltrade MINGW64 /d/6th Semester/Software Engineering/PA/repo1 (master)
$ git checkout -b ReadMe
Switched to a new branch 'ReadMe'

jack of all trade@jackofalltrade MINGW64 /d/6th Semester/Software Engineering/PA/repo1 (ReadMe)
$ git add README.md

jack of all trade@jackofalltrade MINGW64 /d/6th Semester/Software Engineering/PA/repo1 (ReadMe)
$ git commit -m"editting README file"
On branch ReadMe
Untracked files:
        repo1/

nothing added to commit but untracked files present

jack of all trade@jackofalltrade MINGW64 /d/6th Semester/Software Engineering/PA/repo1 (ReadMe)
$ git checkout master
Switched to branch 'master'
Your branch is up to date with 'origin/master'.

jack of all trade@jackofalltrade MINGW64 /d/6th Semester/Software Engineering/PA/repo1 (master)
$ git merge ReadMe
Already up to date.

jack of all trade@jackofalltrade MINGW64 /d/6th Semester/Software Engineering/PA/repo1 (master)
$ git push
Everything up-to-date

jack of all trade@jackofalltrade MINGW64 /d/6th Semester/Software Engineering/PA/repo1 (master)
$ echo -e "Project Title (sprint0)\n Getting Started (3 files containing sections from the book)\n Author (Reem Essam 37-8875)\n Acknowledgments(boo Chacon,Scott,and Ben Straub.Pro Git .Apress)">README.md

jack of all trade@jackofalltrade MINGW64 /d/6th Semester/Software Engineering/PA/repo1 (master)
$ git checkout ReadMe
Switched to branch 'ReadMe'
M       README.md

jack of all trade@jackofalltrade MINGW64 /d/6th Semester/Software Engineering/PA/repo1 (ReadMe)
$ git add README.md
warning: LF will be replaced by CRLF in README.md.
The file will have its original line endings in your working directory.

jack of all trade@jackofalltrade MINGW64 /d/6th Semester/Software Engineering/PA/repo1 (ReadMe)
$ git log
commit de74a4dd1fdeddf26005e3114d7844c7227ee3f4 (HEAD -> ReadMe, origin/master, origin/HEAD, master)
Author: reem <reem.essam@gmail.com>
Date:   Mon Feb 12 21:08:33 2018 +0200

    recreating README file

commit 2712eb44ddcc20bb38fa6917485baac12ecfa586
Author: reem <reem.essam@gmail.com>
Date:   Sun Feb 11 20:38:21 2018 +0200

    commands file

commit 8dcf970d699e9412ec9e48d1a28acb166a5a8b3b (origin/ReadMe)
Author: reem <reem.essam@gmail.com>
Date:   Sun Feb 11 20:31:10 2018 +0200

    Adding README file

commit e0318669eb2ef8d577283576da7455ebba79c23c
Author: reem <reem.essam@gmail.com>
Date:   Sun Feb 11 20:08:27 2018 +0200

    Adding 3 files

commit 0e1f85e221355f642f9587fca6c29418b1d7d8aa
Author: reemessam <36365711+reemessam@users.noreply.github.com>
Date:   Sun Feb 11 16:09:04 2018 +0200

    Delete section 1.1

commit 3752c3856f795d034e7491c44fdca292ab0003c2
Author: reemessam <36365711+reemessam@users.noreply.github.com>
Date:   Sun Feb 11 15:54:31 2018 +0200

    create section 1.1

    Getting Started - About Version Control from
    book

commit e2eb066263fd85f3cca6315fd0412d1a88ab8351
Author: reemessam <36365711+reemessam@users.noreply.github.com>
Date:   Sun Feb 11 15:35:15 2018 +0200

    Initial commit

jack of all trade@jackofalltrade MINGW64 /d/6th Semester/Software Engineering/PA/repo1 (ReadMe)
$ git status
On branch ReadMe
Changes to be committed:
  (use "git reset HEAD <file>..." to unstage)

        modified:   README.md

Untracked files:
  (use "git add <file>..." to include in what will be committed)

        repo1/


jack of all trade@jackofalltrade MINGW64 /d/6th Semester/Software Engineering/PA/repo1 (ReadMe)
$ git commit -m "editting README file"
[ReadMe 8791163] editting README file
 1 file changed, 4 insertions(+), 1 deletion(-)

jack of all trade@jackofalltrade MINGW64 /d/6th Semester/Software Engineering/PA/repo1 (ReadMe)
$ git status
On branch ReadMe
Untracked files:
  (use "git add <file>..." to include in what will be committed)

        repo1/

nothing added to commit but untracked files present (use "git add" to track)

jack of all trade@jackofalltrade MINGW64 /d/6th Semester/Software Engineering/PA/repo1 (ReadMe)
$ git checkout master
Switched to branch 'master'
Your branch is up to date with 'origin/master'.

jack of all trade@jackofalltrade MINGW64 /d/6th Semester/Software Engineering/PA/repo1 (master)
$ git merge ReadMe
Updating de74a4d..8791163
Fast-forward
 README.md | 5 ++++-
 1 file changed, 4 insertions(+), 1 deletion(-)

jack of all trade@jackofalltrade MINGW64 /d/6th Semester/Software Engineering/PA/repo1 (master)
$ git push
Counting objects: 3, done.
Delta compression using up to 4 threads.
Compressing objects: 100% (3/3), done.
Writing objects: 100% (3/3), 408 bytes | 408.00 KiB/s, done.
Total 3 (delta 1), reused 0 (delta 0)
remote: Resolving deltas: 100% (1/1), completed with 1 local object.
To https://github.com/reemessam/repo1.git
   de74a4d..8791163  master -> master

jack of all trade@jackofalltrade MINGW64 /d/6th Semester/Software Engineering/PA/repo1 (master)
$ git add AllMyCommands.txt
jack of all trade@jackofalltrade MINGW64 /d/6th Semester/Software Engineering/PA/repo1 (master)
$ git commit -m'commands file'
jack of all trade@jackofalltrade MINGW64 /d/6th Semester/Software Engineering/PA/repo1 (master)
$ git push




